[frankielanosa.com/index.html]
[backblue.gif]
[fade.gif]
[index.html]
[static.leadpages.net/fonts/font-awesome/5.14.0/css/all.min.css]
[js.center.io/center.js]
[frankielanosa.com/'https_/videos.sproutvideo.com/embed/d39ddab21b1de3c55a/706f87ed9e7085b9']
[frankielanosa.com/'https_/videos.sproutvideo.com/embed/ac9dddb71a1de4c225/8a52102acfcfeef7']
[frankielanosa.com/'https_/videos.sproutvideo.com/embed/799dddb71a1de4c3f0/cee7db1aef89ee61']
[frankielanosa.com/'https_/videos.sproutvideo.com/embed/ea9dddb71a1de5c563/75294e026881c507']
[frankielanosa.com/'https_/videos.sproutvideo.com/embed/a79dddb71a1de5c42e/6cde30fa97ceda0c']
[embed.lpcontent.net/leadboxes/current/embed.js]
[frankielanosa.com/index.html]
[static.leadpages.net/fonts/font-awesome/5.14.0/css/all.min.css]
[frankielanosa.com/'https_/videos.sproutvideo.com/embed/d39ddab21b1de3c55a/706f87ed9e7085b9'.html]
[frankielanosa.com/'https_/videos.sproutvideo.com/embed/ac9dddb71a1de4c225/8a52102acfcfeef7'.html]
[frankielanosa.com/'https_/videos.sproutvideo.com/embed/799dddb71a1de4c3f0/cee7db1aef89ee61'.html]
[frankielanosa.com/'https_/videos.sproutvideo.com/embed/ea9dddb71a1de5c563/75294e026881c507'.html]
[frankielanosa.com/'https_/videos.sproutvideo.com/embed/a79dddb71a1de5c42e/6cde30fa97ceda0c'.html]
